<?xml version="1.0" encoding="UTF-8"?>
<csv>
  <row>
    <col1>piÃ±ata</col1>
  </row>
</csv>
